

================================================================
== Vitis HLS Report for 'setup_joint_aie_Pipeline_VITIS_LOOP_68_1'
================================================================
* Date:           Fri May 31 12:46:12 2024

* Version:        2022.2.2 (Build 3779808 on Feb 17 2023)
* Project:        setup_joint_aie
* Solution:       solution (Vitis Kernel Flow Target)
* Product family: versal
* Target device:  xcvc1902-vsvd1760-2MP-e-S


================================================================
== Performance Estimates
================================================================
+ Timing: 
    * Summary: 
    +--------+---------+----------+------------+
    |  Clock |  Target | Estimated| Uncertainty|
    +--------+---------+----------+------------+
    |ap_clk  |  3.33 ns|  2.433 ns|     0.90 ns|
    +--------+---------+----------+------------+

+ Latency: 
    * Summary: 
    +---------+---------+-----------+-----------+------+------+---------+
    |  Latency (cycles) |   Latency (absolute)  |   Interval  | Pipeline|
    |   min   |   max   |    min    |    max    |  min |  max |   Type  |
    +---------+---------+-----------+-----------+------+------+---------+
    |     8271|     8271|  27.567 us|  27.567 us|  8271|  8271|       no|
    +---------+---------+-----------+-----------+------+------+---------+

    + Detail: 
        * Instance: 
        N/A

        * Loop: 
        +-------------------+---------+---------+----------+-----------+-----------+------+----------+
        |                   |  Latency (cycles) | Iteration|  Initiation Interval  | Trip |          |
        |     Loop Name     |   min   |   max   |  Latency |  achieved |   target  | Count| Pipelined|
        +-------------------+---------+---------+----------+-----------+-----------+------+----------+
        |- VITIS_LOOP_68_1  |     8269|     8269|        86|          8|          1|  1024|       yes|
        +-------------------+---------+---------+----------+-----------+-----------+------+----------+



================================================================
== Utilization Estimates
================================================================
* Summary: 
+-----------------+---------+------+---------+--------+-----+
|       Name      | BRAM_18K|  DSP |    FF   |   LUT  | URAM|
+-----------------+---------+------+---------+--------+-----+
|DSP              |        -|     -|        -|       -|    -|
|Expression       |        -|     -|        0|     569|    -|
|FIFO             |        -|     -|        -|       -|    -|
|Instance         |        -|     -|        -|       -|    -|
|Memory           |        -|     -|        -|       -|    -|
|Multiplexer      |        -|     -|        -|    1678|    -|
|Register         |        -|     -|     3231|       2|    -|
+-----------------+---------+------+---------+--------+-----+
|Total            |        0|     0|     3231|    2249|    0|
+-----------------+---------+------+---------+--------+-----+
|Available        |     1934|  1968|  1799680|  899840|  463|
+-----------------+---------+------+---------+--------+-----+
|Utilization (%)  |        0|     0|       ~0|      ~0|    0|
+-----------------+---------+------+---------+--------+-----+

+ Detail: 
    * Instance: 
    N/A

    * DSP: 
    N/A

    * Memory: 
    N/A

    * FIFO: 
    N/A

    * Expression: 
    +-----------------------------------+----------+----+---+----+------------+------------+
    |           Variable Name           | Operation| DSP| FF| LUT| Bitwidth P0| Bitwidth P1|
    +-----------------------------------+----------+----+---+----+------------+------------+
    |add_ln68_fu_294_p2                 |         +|   0|  0|  11|          11|           1|
    |add_ln70_1_fu_534_p2               |         +|   0|  0|  64|          64|          64|
    |add_ln70_2_fu_502_p2               |         +|   0|  0|  64|          64|          64|
    |add_ln70_3_fu_464_p2               |         +|   0|  0|  64|          64|          64|
    |add_ln70_4_fu_426_p2               |         +|   0|  0|  64|          64|          64|
    |add_ln70_5_fu_394_p2               |         +|   0|  0|  64|          64|          64|
    |add_ln70_6_fu_356_p2               |         +|   0|  0|  64|          64|          64|
    |add_ln70_7_fu_322_p2               |         +|   0|  0|  64|          64|          64|
    |add_ln70_fu_566_p2                 |         +|   0|  0|  64|          64|          64|
    |ap_block_pp0_stage6_01001          |       and|   0|  0|   2|           1|           1|
    |ap_block_state2_io                 |       and|   0|  0|   2|           1|           1|
    |ap_ext_blocking_cur_n              |       and|   0|  0|   2|           1|           1|
    |ap_ext_blocking_n                  |       and|   0|  0|   2|           1|           2|
    |ap_int_blocking_n                  |       and|   0|  0|   2|           2|           2|
    |ap_str_blocking_cur_n              |       and|   0|  0|   2|           1|           1|
    |ap_str_blocking_n                  |       and|   0|  0|   2|           1|           2|
    |icmp_ln68_fu_300_p2                |      icmp|   0|  0|   6|          11|          12|
    |ap_block_pp0_stage0_01001          |        or|   0|  0|   2|           1|           1|
    |ap_block_pp0_stage0_11001          |        or|   0|  0|   2|           1|           1|
    |ap_block_pp0_stage1_11001          |        or|   0|  0|   2|           1|           1|
    |ap_block_pp0_stage2_11001          |        or|   0|  0|   2|           1|           1|
    |ap_block_pp0_stage3_11001          |        or|   0|  0|   2|           1|           1|
    |ap_block_pp0_stage4_11001          |        or|   0|  0|   2|           1|           1|
    |ap_block_pp0_stage5_11001          |        or|   0|  0|   2|           1|           1|
    |ap_block_pp0_stage6_11001          |        or|   0|  0|   2|           1|           1|
    |ap_block_pp0_stage7_01001          |        or|   0|  0|   2|           1|           1|
    |ap_block_pp0_stage7_11001          |        or|   0|  0|   2|           1|           1|
    |ap_block_state79_io                |        or|   0|  0|   2|           1|           1|
    |ap_block_state79_pp0_stage6_iter9  |        or|   0|  0|   2|           1|           1|
    |ap_enable_pp0                      |       xor|   0|  0|   2|           1|           2|
    +-----------------------------------+----------+----+---+----+------------+------------+
    |Total                              |          |   0|  0| 569|         555|         549|
    +-----------------------------------+----------+----+---+----+------------+------------+

    * Multiplexer: 
    +----------------------------------+-----+-----------+-----+-----------+
    |               Name               | LUT | Input Size| Bits| Total Bits|
    +----------------------------------+-----+-----------+-----+-----------+
    |ap_NS_fsm                         |   10|          9|    1|          9|
    |ap_done_int                       |    2|          2|    1|          2|
    |ap_enable_reg_pp0_iter0           |    2|          2|    1|          2|
    |ap_enable_reg_pp0_iter1           |    2|          2|    1|          2|
    |ap_enable_reg_pp0_iter10          |    2|          2|    1|          2|
    |ap_loop_exit_ready_pp0_iter1_reg  |    2|          2|    1|          2|
    |ap_loop_exit_ready_pp0_iter2_reg  |    2|          2|    1|          2|
    |ap_loop_exit_ready_pp0_iter3_reg  |    2|          2|    1|          2|
    |ap_loop_exit_ready_pp0_iter4_reg  |    2|          2|    1|          2|
    |ap_loop_exit_ready_pp0_iter5_reg  |    2|          2|    1|          2|
    |ap_loop_exit_ready_pp0_iter6_reg  |    2|          2|    1|          2|
    |ap_loop_exit_ready_pp0_iter7_reg  |    2|          2|    1|          2|
    |ap_loop_exit_ready_pp0_iter8_reg  |    2|          2|    1|          2|
    |ap_loop_exit_ready_pp0_iter9_reg  |    2|          2|    1|          2|
    |ap_sig_allocacmp_j_1              |   11|          2|   11|         22|
    |gmem0_blk_n_AR                    |    2|          2|    1|          2|
    |gmem0_blk_n_R                     |    2|          2|    1|          2|
    |j_fu_124                          |   11|          2|   11|         22|
    |m_axi_gmem0_ARADDR                |  320|          9|   64|        576|
    |s_0_TDATA                         |  160|          9|   32|        288|
    |s_0_TDATA_blk_n                   |    2|          2|    1|          2|
    |s_1_TDATA                         |  160|          9|   32|        288|
    |s_1_TDATA_blk_n                   |    2|          2|    1|          2|
    |s_2_TDATA                         |  160|          9|   32|        288|
    |s_2_TDATA_blk_n                   |    2|          2|    1|          2|
    |s_3_TDATA                         |  160|          9|   32|        288|
    |s_3_TDATA_blk_n                   |    2|          2|    1|          2|
    |s_4_TDATA                         |  160|          9|   32|        288|
    |s_4_TDATA_blk_n                   |    2|          2|    1|          2|
    |s_5_TDATA                         |  160|          9|   32|        288|
    |s_5_TDATA_blk_n                   |    2|          2|    1|          2|
    |s_6_TDATA                         |  160|          9|   32|        288|
    |s_6_TDATA_blk_n                   |    2|          2|    1|          2|
    |s_7_TDATA                         |  160|          9|   32|        288|
    |s_7_TDATA_blk_n                   |    2|          2|    1|          2|
    +----------------------------------+-----+-----------+-----+-----------+
    |Total                             | 1678|        140|  366|       2979|
    +----------------------------------+-----+-----------+-----+-----------+

    * Register: 
    +----------------------------------+----+----+-----+-----------+
    |               Name               | FF | LUT| Bits| Const Bits|
    +----------------------------------+----+----+-----+-----------+
    |ap_CS_fsm                         |   8|   0|    8|          0|
    |ap_done_reg                       |   1|   0|    1|          0|
    |ap_enable_reg_pp0_iter0_reg       |   1|   0|    1|          0|
    |ap_enable_reg_pp0_iter1           |   1|   0|    1|          0|
    |ap_enable_reg_pp0_iter10          |   1|   0|    1|          0|
    |ap_enable_reg_pp0_iter2           |   1|   0|    1|          0|
    |ap_enable_reg_pp0_iter3           |   1|   0|    1|          0|
    |ap_enable_reg_pp0_iter4           |   1|   0|    1|          0|
    |ap_enable_reg_pp0_iter5           |   1|   0|    1|          0|
    |ap_enable_reg_pp0_iter6           |   1|   0|    1|          0|
    |ap_enable_reg_pp0_iter7           |   1|   0|    1|          0|
    |ap_enable_reg_pp0_iter8           |   1|   0|    1|          0|
    |ap_enable_reg_pp0_iter9           |   1|   0|    1|          0|
    |ap_loop_exit_ready_pp0_iter1_reg  |   1|   0|    1|          0|
    |ap_loop_exit_ready_pp0_iter2_reg  |   1|   0|    1|          0|
    |ap_loop_exit_ready_pp0_iter3_reg  |   1|   0|    1|          0|
    |ap_loop_exit_ready_pp0_iter4_reg  |   1|   0|    1|          0|
    |ap_loop_exit_ready_pp0_iter5_reg  |   1|   0|    1|          0|
    |ap_loop_exit_ready_pp0_iter6_reg  |   1|   0|    1|          0|
    |ap_loop_exit_ready_pp0_iter7_reg  |   1|   0|    1|          0|
    |ap_loop_exit_ready_pp0_iter8_reg  |   1|   0|    1|          0|
    |ap_loop_exit_ready_pp0_iter9_reg  |   1|   0|    1|          0|
    |icmp_ln68_reg_1212                |   1|   0|    1|          0|
    |j_fu_124                          |  11|   0|   11|          0|
    |p_0_reg_1633                      |  32|   0|   32|          0|
    |p_10_reg_1383                     |  32|   0|   32|          0|
    |p_10_reg_1383_pp0_iter10_reg      |  32|   0|   32|          0|
    |p_11_reg_1388                     |  32|   0|   32|          0|
    |p_11_reg_1388_pp0_iter10_reg      |  32|   0|   32|          0|
    |p_12_reg_1393                     |  32|   0|   32|          0|
    |p_12_reg_1393_pp0_iter10_reg      |  32|   0|   32|          0|
    |p_13_reg_1398                     |  32|   0|   32|          0|
    |p_13_reg_1398_pp0_iter10_reg      |  32|   0|   32|          0|
    |p_14_reg_1408                     |  32|   0|   32|          0|
    |p_15_reg_1413                     |  32|   0|   32|          0|
    |p_16_reg_1418                     |  32|   0|   32|          0|
    |p_17_reg_1423                     |  32|   0|   32|          0|
    |p_17_reg_1423_pp0_iter10_reg      |  32|   0|   32|          0|
    |p_18_reg_1428                     |  32|   0|   32|          0|
    |p_18_reg_1428_pp0_iter10_reg      |  32|   0|   32|          0|
    |p_19_reg_1433                     |  32|   0|   32|          0|
    |p_19_reg_1433_pp0_iter10_reg      |  32|   0|   32|          0|
    |p_1_reg_1333                      |  32|   0|   32|          0|
    |p_1_reg_1333_pp0_iter9_reg        |  32|   0|   32|          0|
    |p_20_reg_1438                     |  32|   0|   32|          0|
    |p_20_reg_1438_pp0_iter10_reg      |  32|   0|   32|          0|
    |p_21_reg_1448                     |  32|   0|   32|          0|
    |p_22_reg_1453                     |  32|   0|   32|          0|
    |p_23_reg_1458                     |  32|   0|   32|          0|
    |p_24_reg_1463                     |  32|   0|   32|          0|
    |p_25_reg_1468                     |  32|   0|   32|          0|
    |p_25_reg_1468_pp0_iter10_reg      |  32|   0|   32|          0|
    |p_26_reg_1473                     |  32|   0|   32|          0|
    |p_26_reg_1473_pp0_iter10_reg      |  32|   0|   32|          0|
    |p_27_reg_1478                     |  32|   0|   32|          0|
    |p_27_reg_1478_pp0_iter10_reg      |  32|   0|   32|          0|
    |p_28_reg_1488                     |  32|   0|   32|          0|
    |p_29_reg_1493                     |  32|   0|   32|          0|
    |p_2_reg_1338                      |  32|   0|   32|          0|
    |p_2_reg_1338_pp0_iter9_reg        |  32|   0|   32|          0|
    |p_30_reg_1498                     |  32|   0|   32|          0|
    |p_31_reg_1503                     |  32|   0|   32|          0|
    |p_32_reg_1508                     |  32|   0|   32|          0|
    |p_33_reg_1513                     |  32|   0|   32|          0|
    |p_33_reg_1513_pp0_iter10_reg      |  32|   0|   32|          0|
    |p_34_reg_1518                     |  32|   0|   32|          0|
    |p_34_reg_1518_pp0_iter10_reg      |  32|   0|   32|          0|
    |p_35_reg_1528                     |  32|   0|   32|          0|
    |p_36_reg_1533                     |  32|   0|   32|          0|
    |p_37_reg_1538                     |  32|   0|   32|          0|
    |p_38_reg_1543                     |  32|   0|   32|          0|
    |p_39_reg_1548                     |  32|   0|   32|          0|
    |p_3_reg_1343                      |  32|   0|   32|          0|
    |p_3_reg_1343_pp0_iter9_reg        |  32|   0|   32|          0|
    |p_40_reg_1553                     |  32|   0|   32|          0|
    |p_41_reg_1558                     |  32|   0|   32|          0|
    |p_41_reg_1558_pp0_iter10_reg      |  32|   0|   32|          0|
    |p_42_reg_1568                     |  32|   0|   32|          0|
    |p_43_reg_1573                     |  32|   0|   32|          0|
    |p_44_reg_1578                     |  32|   0|   32|          0|
    |p_45_reg_1583                     |  32|   0|   32|          0|
    |p_46_reg_1588                     |  32|   0|   32|          0|
    |p_47_reg_1593                     |  32|   0|   32|          0|
    |p_48_reg_1598                     |  32|   0|   32|          0|
    |p_49_reg_1603                     |  32|   0|   32|          0|
    |p_4_reg_1348                      |  32|   0|   32|          0|
    |p_4_reg_1348_pp0_iter9_reg        |  32|   0|   32|          0|
    |p_50_reg_1608                     |  32|   0|   32|          0|
    |p_51_reg_1613                     |  32|   0|   32|          0|
    |p_52_reg_1618                     |  32|   0|   32|          0|
    |p_53_reg_1623                     |  32|   0|   32|          0|
    |p_54_reg_1628                     |  32|   0|   32|          0|
    |p_5_reg_1353                      |  32|   0|   32|          0|
    |p_5_reg_1353_pp0_iter9_reg        |  32|   0|   32|          0|
    |p_6_reg_1358                      |  32|   0|   32|          0|
    |p_6_reg_1358_pp0_iter9_reg        |  32|   0|   32|          0|
    |p_7_reg_1368                      |  32|   0|   32|          0|
    |p_8_reg_1373                      |  32|   0|   32|          0|
    |p_9_reg_1378                      |  32|   0|   32|          0|
    |p_9_reg_1378_pp0_iter10_reg       |  32|   0|   32|          0|
    |p_s_reg_1328                      |  32|   0|   32|          0|
    |trunc_ln106_8_reg_1279            |  59|   0|   59|          0|
    |trunc_ln106_reg_1483              |  32|   0|   32|          0|
    |trunc_ln115_8_reg_1290            |  59|   0|   59|          0|
    |trunc_ln115_reg_1523              |  32|   0|   32|          0|
    |trunc_ln124_8_reg_1301            |  59|   0|   59|          0|
    |trunc_ln124_reg_1563              |  32|   0|   32|          0|
    |trunc_ln133_8_reg_1312            |  59|   0|   59|          0|
    |trunc_ln70_1_reg_1323             |  32|   0|   32|          0|
    |trunc_ln70_8_reg_1224             |  59|   0|   59|          0|
    |trunc_ln70_reg_1216               |  10|   0|   10|          0|
    |trunc_ln79_8_reg_1241             |  59|   0|   59|          0|
    |trunc_ln79_reg_1363               |  32|   0|   32|          0|
    |trunc_ln88_8_reg_1257             |  59|   0|   59|          0|
    |trunc_ln88_reg_1403               |  32|   0|   32|          0|
    |trunc_ln97_8_reg_1268             |  59|   0|   59|          0|
    |trunc_ln97_reg_1443               |  32|   0|   32|          0|
    |zext_ln70_6_cast_reg_1246         |  10|   0|   17|          7|
    |zext_ln70_7_cast_reg_1229         |  10|   0|   16|          6|
    |icmp_ln68_reg_1212                |   0|   2|    1|          0|
    +----------------------------------+----+----+-----+-----------+
    |Total                             |3231|   2| 3245|         13|
    +----------------------------------+----+----+-----+-----------+



================================================================
== Interface
================================================================
* Summary: 
+----------------------+-----+-----+------------+------------------------------------------+--------------+
|       RTL Ports      | Dir | Bits|  Protocol  |               Source Object              |    C Type    |
+----------------------+-----+-----+------------+------------------------------------------+--------------+
|ap_clk                |   in|    1|  ap_ctrl_hs|  setup_joint_aie_Pipeline_VITIS_LOOP_68_1|  return value|
|ap_rst                |   in|    1|  ap_ctrl_hs|  setup_joint_aie_Pipeline_VITIS_LOOP_68_1|  return value|
|ap_start              |   in|    1|  ap_ctrl_hs|  setup_joint_aie_Pipeline_VITIS_LOOP_68_1|  return value|
|ap_done               |  out|    1|  ap_ctrl_hs|  setup_joint_aie_Pipeline_VITIS_LOOP_68_1|  return value|
|ap_idle               |  out|    1|  ap_ctrl_hs|  setup_joint_aie_Pipeline_VITIS_LOOP_68_1|  return value|
|ap_ready              |  out|    1|  ap_ctrl_hs|  setup_joint_aie_Pipeline_VITIS_LOOP_68_1|  return value|
|ap_ext_blocking_n     |  out|    1|  ap_ctrl_hs|  setup_joint_aie_Pipeline_VITIS_LOOP_68_1|  return value|
|ap_str_blocking_n     |  out|    1|  ap_ctrl_hs|  setup_joint_aie_Pipeline_VITIS_LOOP_68_1|  return value|
|ap_int_blocking_n     |  out|    1|  ap_ctrl_hs|  setup_joint_aie_Pipeline_VITIS_LOOP_68_1|  return value|
|m_axi_gmem0_AWVALID   |  out|    1|       m_axi|                                     gmem0|       pointer|
|m_axi_gmem0_AWREADY   |   in|    1|       m_axi|                                     gmem0|       pointer|
|m_axi_gmem0_AWADDR    |  out|   64|       m_axi|                                     gmem0|       pointer|
|m_axi_gmem0_AWID      |  out|    1|       m_axi|                                     gmem0|       pointer|
|m_axi_gmem0_AWLEN     |  out|   32|       m_axi|                                     gmem0|       pointer|
|m_axi_gmem0_AWSIZE    |  out|    3|       m_axi|                                     gmem0|       pointer|
|m_axi_gmem0_AWBURST   |  out|    2|       m_axi|                                     gmem0|       pointer|
|m_axi_gmem0_AWLOCK    |  out|    2|       m_axi|                                     gmem0|       pointer|
|m_axi_gmem0_AWCACHE   |  out|    4|       m_axi|                                     gmem0|       pointer|
|m_axi_gmem0_AWPROT    |  out|    3|       m_axi|                                     gmem0|       pointer|
|m_axi_gmem0_AWQOS     |  out|    4|       m_axi|                                     gmem0|       pointer|
|m_axi_gmem0_AWREGION  |  out|    4|       m_axi|                                     gmem0|       pointer|
|m_axi_gmem0_AWUSER    |  out|    1|       m_axi|                                     gmem0|       pointer|
|m_axi_gmem0_WVALID    |  out|    1|       m_axi|                                     gmem0|       pointer|
|m_axi_gmem0_WREADY    |   in|    1|       m_axi|                                     gmem0|       pointer|
|m_axi_gmem0_WDATA     |  out|  256|       m_axi|                                     gmem0|       pointer|
|m_axi_gmem0_WSTRB     |  out|   32|       m_axi|                                     gmem0|       pointer|
|m_axi_gmem0_WLAST     |  out|    1|       m_axi|                                     gmem0|       pointer|
|m_axi_gmem0_WID       |  out|    1|       m_axi|                                     gmem0|       pointer|
|m_axi_gmem0_WUSER     |  out|    1|       m_axi|                                     gmem0|       pointer|
|m_axi_gmem0_ARVALID   |  out|    1|       m_axi|                                     gmem0|       pointer|
|m_axi_gmem0_ARREADY   |   in|    1|       m_axi|                                     gmem0|       pointer|
|m_axi_gmem0_ARADDR    |  out|   64|       m_axi|                                     gmem0|       pointer|
|m_axi_gmem0_ARID      |  out|    1|       m_axi|                                     gmem0|       pointer|
|m_axi_gmem0_ARLEN     |  out|   32|       m_axi|                                     gmem0|       pointer|
|m_axi_gmem0_ARSIZE    |  out|    3|       m_axi|                                     gmem0|       pointer|
|m_axi_gmem0_ARBURST   |  out|    2|       m_axi|                                     gmem0|       pointer|
|m_axi_gmem0_ARLOCK    |  out|    2|       m_axi|                                     gmem0|       pointer|
|m_axi_gmem0_ARCACHE   |  out|    4|       m_axi|                                     gmem0|       pointer|
|m_axi_gmem0_ARPROT    |  out|    3|       m_axi|                                     gmem0|       pointer|
|m_axi_gmem0_ARQOS     |  out|    4|       m_axi|                                     gmem0|       pointer|
|m_axi_gmem0_ARREGION  |  out|    4|       m_axi|                                     gmem0|       pointer|
|m_axi_gmem0_ARUSER    |  out|    1|       m_axi|                                     gmem0|       pointer|
|m_axi_gmem0_RVALID    |   in|    1|       m_axi|                                     gmem0|       pointer|
|m_axi_gmem0_RREADY    |  out|    1|       m_axi|                                     gmem0|       pointer|
|m_axi_gmem0_RDATA     |   in|  256|       m_axi|                                     gmem0|       pointer|
|m_axi_gmem0_RLAST     |   in|    1|       m_axi|                                     gmem0|       pointer|
|m_axi_gmem0_RID       |   in|    1|       m_axi|                                     gmem0|       pointer|
|m_axi_gmem0_RFIFONUM  |   in|    9|       m_axi|                                     gmem0|       pointer|
|m_axi_gmem0_RUSER     |   in|    1|       m_axi|                                     gmem0|       pointer|
|m_axi_gmem0_RRESP     |   in|    2|       m_axi|                                     gmem0|       pointer|
|m_axi_gmem0_BVALID    |   in|    1|       m_axi|                                     gmem0|       pointer|
|m_axi_gmem0_BREADY    |  out|    1|       m_axi|                                     gmem0|       pointer|
|m_axi_gmem0_BRESP     |   in|    2|       m_axi|                                     gmem0|       pointer|
|m_axi_gmem0_BID       |   in|    1|       m_axi|                                     gmem0|       pointer|
|m_axi_gmem0_BUSER     |   in|    1|       m_axi|                                     gmem0|       pointer|
|s_0_TREADY            |   in|    1|        axis|                                       s_0|       pointer|
|s_0_TDATA             |  out|   32|        axis|                                       s_0|       pointer|
|s_0_TVALID            |  out|    1|        axis|                                       s_0|       pointer|
|s_1_TREADY            |   in|    1|        axis|                                       s_1|       pointer|
|s_1_TDATA             |  out|   32|        axis|                                       s_1|       pointer|
|s_1_TVALID            |  out|    1|        axis|                                       s_1|       pointer|
|s_2_TREADY            |   in|    1|        axis|                                       s_2|       pointer|
|s_2_TDATA             |  out|   32|        axis|                                       s_2|       pointer|
|s_2_TVALID            |  out|    1|        axis|                                       s_2|       pointer|
|s_3_TREADY            |   in|    1|        axis|                                       s_3|       pointer|
|s_3_TDATA             |  out|   32|        axis|                                       s_3|       pointer|
|s_3_TVALID            |  out|    1|        axis|                                       s_3|       pointer|
|s_4_TREADY            |   in|    1|        axis|                                       s_4|       pointer|
|s_4_TDATA             |  out|   32|        axis|                                       s_4|       pointer|
|s_4_TVALID            |  out|    1|        axis|                                       s_4|       pointer|
|s_5_TREADY            |   in|    1|        axis|                                       s_5|       pointer|
|s_5_TDATA             |  out|   32|        axis|                                       s_5|       pointer|
|s_5_TVALID            |  out|    1|        axis|                                       s_5|       pointer|
|s_6_TREADY            |   in|    1|        axis|                                       s_6|       pointer|
|s_6_TDATA             |  out|   32|        axis|                                       s_6|       pointer|
|s_6_TVALID            |  out|    1|        axis|                                       s_6|       pointer|
|s_7_TREADY            |   in|    1|        axis|                                       s_7|       pointer|
|s_7_TDATA             |  out|   32|        axis|                                       s_7|       pointer|
|s_7_TVALID            |  out|    1|        axis|                                       s_7|       pointer|
|histogram_rows        |   in|   64|     ap_none|                            histogram_rows|        scalar|
+----------------------+-----+-----+------------+------------------------------------------+--------------+

